// Jest Snapshot v1, https://goo.gl/fbAQLP

exports[`Recaptcha Should render ReCAPTCHA: ReCAPTCHA options 1`] = `
Object {
  "badge": undefined,
  "callback": [Function],
  "expired-callback": [Function],
  "sitekey": "sitekey",
  "size": undefined,
  "tabindex": undefined,
  "theme": undefined,
  "type": undefined,
}
`;
